// Vitest Snapshot v1, https://vitest.dev/guide/snapshot.html

exports[`MAR-378 — corrected runtime-fit wizard > locks the corrected three-prompt runtime contracts 1`] = `
{
  "prompt_a": {
    "control_surface": {
      "alternatives": [
        {
          "appropriate_when": "Manage schedule, secrets, status, retries, and history where the runtime actually runs.",
          "availability": "requires setup",
          "id": "runtime_provider_control",
          "label": "Selected runtime's provider UI and logs",
          "limitation": "Requires choosing and configuring a supported runtime; no universal provider is selected.",
        },
        {
          "appropriate_when": "Guide setup and link to a selected runtime's controls.",
          "availability": "planned",
          "id": "website_install_broker",
          "label": "Website install/control broker",
          "limitation": "Website control does not execute agents without a separate real runner.",
        },
      ],
      "recommended": {
        "appropriate_when": "Persist approvals while the user is offline without making DASH a dependency.",
        "availability": "requires setup",
        "id": "provider_neutral_approval_inbox",
        "label": "Provider-neutral approval inbox / generated UI",
        "limitation": "Must be backed by the same durable runtime/state store; it is not generated or hosted by plan_workflow.",
      },
    },
    "interaction_surface": {
      "alternatives": [
        {
          "appropriate_when": "Receive the prepared reply as a draft without sending it.",
          "availability": "requires setup",
          "id": "gmail_draft_interaction",
          "label": "Gmail draft",
          "limitation": "Gmail drafts carry output but do not provide durable workflow approval controls.",
        },
        {
          "appropriate_when": "Ask for a summary and receive it in the same attended conversation.",
          "availability": "available now",
          "id": "client_interaction",
          "label": "Current client/chat",
          "limitation": "No background delivery after the client closes.",
        },
        {
          "appropriate_when": "Deliver team output where people already work; Slack is an interaction surface, not hosting.",
          "availability": "requires setup",
          "id": "slack_interaction",
          "label": "Slack notifications",
          "limitation": "Requires a Slack connection and cannot execute the workflow.",
        },
      ],
      "recommended": {
        "appropriate_when": "Review suggested times and approve the calendar write from a durable, provider-neutral surface.",
        "availability": "requires setup",
        "id": "approval_inbox_interaction",
        "label": "Approval inbox / generated UI",
        "limitation": "Requires a separately built UI and durable backend; no working approval UI exists yet.",
      },
    },
    "recommended_next_click": {
      "action": "assistant:ask_clarifying_questions",
      "id": "answer_clarifying_questions",
      "label": "Answer the quick questions",
    },
    "recommended_setup": {
      "action": null,
      "availability": "requires setup",
      "blocker": "This product has no runtime installer or Orchestrate Runner; the MCP worker is stateless and must not run customer agents.",
      "label": "Prepare runtime and connections",
      "next_achievable_step": "Connect Gmail, Google Calendar, and a model provider, choose a supported durable runtime, and prepare a provider-neutral approval inbox. Keep sending disabled.",
    },
    "runtime_alternatives": [
      {
        "appropriate_when": "Fits privacy or infrastructure-control requirements.",
        "availability": "advanced",
        "id": "self_hosted_runtime",
        "install_action": null,
        "label": "Self-hosted server/runtime",
        "limitation": "You own uptime, security, updates, backups, retries, and cost.",
        "offline_behavior": "Can run offline from the user's device if the server stays up.",
        "reason": "Fits privacy or infrastructure-control requirements.",
        "runtime_class": "self_hosted",
      },
      {
        "appropriate_when": "A short morning check needs a durable timer, not an always-on worker.",
        "availability": "requires setup",
        "id": "managed_scheduled_job",
        "install_action": null,
        "label": "Managed scheduled job",
        "limitation": "Requires a selected scheduled-job runtime, secrets, state, retries, and cost controls.",
        "offline_behavior": "Keeps running on schedule while the user's computer and client are closed.",
        "reason": "A short morning check needs a durable timer, not an always-on worker.",
        "runtime_class": "managed_scheduled_job",
      },
    ],
    "runtime_recommendation": {
      "appropriate_when": "Gmail events or polling plus persistent deduplication and durable approval must outlive a client session.",
      "availability": "requires setup",
      "id": "managed_durable_background_runtime",
      "install_action": null,
      "label": "Managed background worker / durable workflow",
      "limitation": "No built-in Orchestrate Runner or one-click installer exists; a real external durable runtime must be selected and configured.",
      "offline_behavior": "Keeps watching and can wait for approval while the user is offline.",
      "reason": "Gmail events or polling plus persistent deduplication and durable approval must outlive a client session.",
      "runtime_class": "managed_durable_background",
    },
    "runtime_requirements": {
      "data_sensitivity": "high",
      "durable_approval_needed": true,
      "estimated_operational_complexity": "high",
      "expected_duration": "long-running",
      "must_run_while_user_offline": true,
      "operation_mode": "event-driven",
      "persistent_state_needed": true,
      "trigger_mode": "event",
    },
    "trigger_explanation": {
      "label": "Gmail event",
      "limitation": "Gmail watches require setup/renewal; polling adds delay and API usage.",
      "mode": "event",
      "offline_behavior": "It continues only when the watch/poll is attached to the selected durable runtime.",
      "what_wakes_it_up": "A Gmail event watch should start it; if unavailable, configure and disclose a fixed polling interval.",
    },
  },
  "prompt_b": {
    "control_surface": {
      "alternatives": [
        {
          "appropriate_when": "A minimal status/history surface for scheduled jobs.",
          "availability": "requires setup",
          "id": "logs_control",
          "label": "Logs or run table",
          "limitation": "Needs setup and is not a complete approval experience.",
        },
        {
          "appropriate_when": "Guide setup and link to a selected runtime's controls.",
          "availability": "planned",
          "id": "website_install_broker",
          "label": "Website install/control broker",
          "limitation": "Website control does not execute agents without a separate real runner.",
        },
      ],
      "recommended": {
        "appropriate_when": "Manage schedule, secrets, status, retries, and history where the runtime actually runs.",
        "availability": "requires setup",
        "id": "runtime_provider_control",
        "label": "Selected runtime's provider UI and logs",
        "limitation": "Requires choosing and configuring a supported runtime; no universal provider is selected.",
      },
    },
    "interaction_surface": {
      "alternatives": [
        {
          "appropriate_when": "Ask for a summary and receive it in the same attended conversation.",
          "availability": "available now",
          "id": "client_interaction",
          "label": "Current client/chat",
          "limitation": "No background delivery after the client closes.",
        },
      ],
      "recommended": {
        "appropriate_when": "Deliver team output where people already work; Slack is an interaction surface, not hosting.",
        "availability": "requires setup",
        "id": "slack_interaction",
        "label": "Slack price-change notifications",
        "limitation": "Requires a Slack connection and an explicit choice: approve every post or automate low-risk alerts.",
      },
    },
    "recommended_next_click": {
      "action": "assistant:attended_dry_run_in_chat",
      "id": "dry_run_in_chat",
      "label": "Dry run it attended in this chat now — nothing persists, then build",
    },
    "recommended_setup": {
      "action": null,
      "availability": "requires setup",
      "blocker": "This product has no runtime installer or Orchestrate Runner; the MCP worker is stateless and must not run customer agents.",
      "label": "Prepare runtime and connections",
      "next_achievable_step": "Choose Slack delivery mode (approve every post or automate low-risk price-change alerts), connect the page monitor and Slack, then prepare a managed scheduled job with persistent change-detection state.",
    },
    "runtime_alternatives": [
      {
        "appropriate_when": "Can fit connector-heavy schedules when a supported adapter is selected.",
        "availability": "requires setup",
        "id": "workflow_automation_adapter",
        "install_action": null,
        "label": "Supported workflow-automation adapter",
        "limitation": "Availability and limits depend on the selected supported adapter; none is selected by this plan.",
        "offline_behavior": "Runs according to the adapter's hosted execution guarantees.",
        "reason": "Can fit connector-heavy schedules when a supported adapter is selected.",
        "runtime_class": "workflow_automation",
      },
      {
        "appropriate_when": "Fits privacy or infrastructure-control requirements.",
        "availability": "advanced",
        "id": "self_hosted_runtime",
        "install_action": null,
        "label": "Self-hosted server/runtime",
        "limitation": "You own uptime, security, updates, backups, retries, and cost.",
        "offline_behavior": "Can run offline from the user's device if the server stays up.",
        "reason": "Fits privacy or infrastructure-control requirements.",
        "runtime_class": "self_hosted",
      },
    ],
    "runtime_recommendation": {
      "appropriate_when": "A short morning check needs a durable timer, not an always-on worker.",
      "availability": "requires setup",
      "id": "managed_scheduled_job",
      "install_action": null,
      "label": "Managed scheduled job",
      "limitation": "Requires a selected scheduled-job runtime, secrets, state, retries, and cost controls.",
      "offline_behavior": "Keeps running on schedule while the user's computer and client are closed.",
      "reason": "A short morning check needs a durable timer, not an always-on worker.",
      "runtime_class": "managed_scheduled_job",
    },
    "runtime_requirements": {
      "data_sensitivity": "medium",
      "durable_approval_needed": false,
      "estimated_operational_complexity": "medium",
      "expected_duration": "short",
      "must_run_while_user_offline": true,
      "operation_mode": "scheduled",
      "persistent_state_needed": true,
      "trigger_mode": "scheduled",
    },
    "trigger_explanation": {
      "label": "Configured morning schedule",
      "limitation": "The time, timezone, retries, and overlap policy still need configuration.",
      "mode": "scheduled",
      "offline_behavior": "The schedule continues while the user's computer/client is closed when installed on the selected managed job runtime.",
      "what_wakes_it_up": "A durable scheduler starts one short run each morning at the configured time and timezone.",
    },
  },
  "prompt_c": {
    "control_surface": {
      "alternatives": [
        {
          "appropriate_when": "Guide setup and link to a selected runtime's controls.",
          "availability": "planned",
          "id": "website_install_broker",
          "label": "Website install/control broker",
          "limitation": "Website control does not execute agents without a separate real runner.",
        },
      ],
      "recommended": {
        "appropriate_when": "Configure and control attended, on-demand work in the current conversation.",
        "availability": "available now",
        "id": "client_control",
        "label": "Current client/chat",
        "limitation": "Not durable after the client closes and unsuitable for background approvals.",
      },
    },
    "interaction_surface": {
      "alternatives": [
        {
          "appropriate_when": "A richer interface if chat becomes insufficient.",
          "availability": "requires setup",
          "id": "generated_website_interaction",
          "label": "Generated website UI",
          "limitation": "Requires a separately deployed application; unnecessary for the current read-only route.",
        },
      ],
      "recommended": {
        "appropriate_when": "Ask for a summary and receive it in the same attended conversation.",
        "availability": "available now",
        "id": "client_interaction",
        "label": "Current client/chat",
        "limitation": "No background delivery after the client closes.",
      },
    },
    "recommended_next_click": {
      "action": "assistant:attended_dry_run_in_chat",
      "id": "dry_run_in_chat",
      "label": "Run it attended in this chat now — nothing persists",
    },
    "recommended_setup": {
      "action": null,
      "availability": "requires setup",
      "blocker": "Document-source selection still needs setup; the MCP worker is stateless and does not run customer agents.",
      "label": "Prepare attended client run",
      "next_achievable_step": "Connect the selected document source and model provider, then test an attended read-only run in the current client.",
    },
    "runtime_alternatives": [
      {
        "appropriate_when": "Fits a richer multi-user interface when chat is no longer sufficient.",
        "availability": "requires setup",
        "id": "generated_web_application",
        "install_action": null,
        "label": "Generated web application",
        "limitation": "More setup than this attended read-only route needs.",
        "offline_behavior": "Runs only after a real application backend is deployed.",
        "reason": "Fits a richer multi-user interface when chat is no longer sufficient.",
        "runtime_class": "application_backend",
      },
      {
        "appropriate_when": "Useful for development and manual testing.",
        "availability": "requires setup",
        "id": "local_runtime",
        "install_action": null,
        "label": "This computer",
        "limitation": "Does not satisfy an offline/background requirement.",
        "offline_behavior": "Stops when the computer, network, or process stops.",
        "reason": "Useful for development and manual testing.",
        "runtime_class": "local_process",
      },
    ],
    "runtime_recommendation": {
      "appropriate_when": "Best for attended, on-demand work that starts only when the user asks in chat.",
      "availability": "available now",
      "id": "client_chat_runtime",
      "install_action": null,
      "label": "Client/chat runtime",
      "limitation": "Cannot run scheduled or background work after the client closes.",
      "offline_behavior": "Stops when the client/session closes; that is correct for explicitly attended work.",
      "reason": "Best for attended, on-demand work that starts only when the user asks in chat.",
      "runtime_class": "client_chat",
    },
    "runtime_requirements": {
      "data_sensitivity": "high",
      "durable_approval_needed": false,
      "estimated_operational_complexity": "low",
      "expected_duration": "short",
      "must_run_while_user_offline": false,
      "operation_mode": "interactive",
      "persistent_state_needed": false,
      "trigger_mode": "interactive",
    },
    "trigger_explanation": {
      "label": "A request in chat",
      "limitation": "No scheduler or background trigger is configured.",
      "mode": "interactive",
      "offline_behavior": "It intentionally does not run after the client closes.",
      "what_wakes_it_up": "Nothing runs until the user asks in the current client and selects documents.",
    },
  },
}
`;
