// Vitest Snapshot v1, https://vitest.dev/guide/snapshot.html

exports[`P0-05 — every rendered permission surface agrees, for the golden email+calendar flow > snapshot: every rendered permission surface for the golden flow, side by side 1`] = `
{
  "credential_manifest_oauth_scopes": [
    "https://www.googleapis.com/auth/gmail.readonly",
    "https://www.googleapis.com/auth/gmail.compose",
    "https://www.googleapis.com/auth/calendar.readonly",
    "https://www.googleapis.com/auth/calendar.events",
  ],
  "s11_credential_lines": [
    "- \`GMAIL_CLIENT_ID\` (Google OAuth client ID, required) — mint at https://console.cloud.google.com/apis/credentials — needed by \`email_read\`, \`optional_email_send\`, \`calendar_lookup\`, \`calendar_write\`",
    "- \`GMAIL_CLIENT_SECRET\` (Google OAuth client secret, required) — mint at https://console.cloud.google.com/apis/credentials — needed by \`email_read\`, \`optional_email_send\`, \`calendar_lookup\`, \`calendar_write\`",
    "- \`GMAIL_REFRESH_TOKEN\` (Gmail OAuth refresh token, required) — mint at https://accounts.google.com/o/oauth2/v2/auth — needed by \`email_read\`, \`optional_email_send\`, \`calendar_lookup\`, \`calendar_write\`",
    "- \`ANTHROPIC_API_KEY\` (Anthropic API key, required) — mint at https://console.anthropic.com/settings/keys — needed by \`email_draft\`",
    "- \`DASH_INGEST_URL\` (DASH/LAB ingest endpoint (optional monitoring), optional) — mint at http://localhost:3000/agents — needed by \`observability\`",
    "- \`DASH_INGEST_TOKEN\` (DASH/LAB ingest bearer token (optional monitoring), optional) — mint at http://localhost:3000/agents — needed by \`observability\`",
  ],
  "what_you_need_scopes": {
    "calendar_lookup": [
      "https://www.googleapis.com/auth/calendar.readonly",
    ],
    "calendar_write": [
      "https://www.googleapis.com/auth/calendar.events",
    ],
    "email_draft": [
      "https://www.googleapis.com/auth/gmail.compose",
    ],
    "email_read": [
      "https://www.googleapis.com/auth/gmail.readonly",
    ],
    "log_monitor": [
      "logs_read",
    ],
    "optional_email_send": [
      "Mail Send (SendGrid)",
    ],
  },
}
`;
